# C:/Users/Valdir/Documents/Develop/fpga/tangPrime20k/spi_led_control/tb/modelsim/scripts/logs/sim_tb_spi_slave_20250823_172012.log
# 
# if {![file isdirectory work]} { vlib work }
# vmap work work
# Model Technology ModelSim - Intel FPGA Edition vmap 2020.1 Lib Mapping Utility 2020.02 Feb 28 2020
# vmap work work 
# Modifying modelsim.ini
# 
# vlog -sv ../../../src/drivers/spi_slave_8.sv
# Model Technology ModelSim - Intel FPGA Edition vlog 2020.1 Compiler 2020.02 Feb 28 2020
# Start time: 17:20:12 on Aug 23,2025
# vlog -reportprogress 300 -sv ../../../src/drivers/spi_slave_8.sv 
# -- Compiling module spi_slave_8
# 
# Top level modules:
# 	spi_slave_8
# End time: 17:20:12 on Aug 23,2025, Elapsed time: 0:00:00
# Errors: 0, Warnings: 0
# vlog -sv ../${TB}.sv
# Model Technology ModelSim - Intel FPGA Edition vlog 2020.1 Compiler 2020.02 Feb 28 2020
# Start time: 17:20:12 on Aug 23,2025
# vlog -reportprogress 300 -sv ../tb_spi_slave.sv 
# -- Compiling module tb_spi_slave
# 
# Top level modules:
# 	tb_spi_slave
# End time: 17:20:12 on Aug 23,2025, Elapsed time: 0:00:00
# Errors: 0, Warnings: 0
# 
# vsim -c $TB -do "run -all; quit -f"
# vsim -c tb_spi_slave -do "run -all; quit -f" 
# Start time: 17:20:12 on Aug 23,2025
# Loading sv_std.std
# Loading work.tb_spi_slave
# Loading work.spi_slave_8
# run -all
# ** Warning: (vsim-PLI-8496) $fatal : Argument number 1 is invalid. Expecting 0, 1, or 2. Using default value of 1
#    Time: 545 ns  Iteration: 1  Process: /tb_spi_slave/#INITIAL#42 File: ../tb_spi_slave.sv Line: 59
# ** Fatal: RX byte not captured
#    Time: 545 ns  Scope: tb_spi_slave File: ../tb_spi_slave.sv Line: 59
# ** Note: $finish    : ../tb_spi_slave.sv(59)
#    Time: 545 ns  Iteration: 1  Instance: /tb_spi_slave
# 1
# Break in Module tb_spi_slave at ../tb_spi_slave.sv line 59
#  quit -f
# End time: 17:20:23 on Aug 23,2025, Elapsed time: 0:00:11
# Errors: 1, Warnings: 1
