# 
# Cria e mapeia a lib work (se não existir)
# if {![file isdirectory work]} { vlib work }
# vmap work work
# Model Technology ModelSim - Intel FPGA Edition vmap 2020.1 Lib Mapping Utility 2020.02 Feb 28 2020
# vmap work work 
# Copying C:/intelFPGA/20.1/modelsim_ase/win32aloem/../modelsim.ini to modelsim.ini
# Modifying modelsim.ini
# 
# Compila arquivos RTL
# vlog -sv ../../../src/top/top_led_spi.sv
# Model Technology ModelSim - Intel FPGA Edition vlog 2020.1 Compiler 2020.02 Feb 28 2020
# Start time: 17:13:02 on Aug 23,2025
# vlog -reportprogress 300 -sv ../../../src/top/top_led_spi.sv 
# ** Error: ../../../src/top/top_led_spi.sv(3): Cannot open `include file "src/protocol/interfaces/stream_if.sv".
# ** Error: ../../../src/top/top_led_spi.sv(4): Cannot open `include file "src/protocol/interfaces/cmd_if_led.sv".
# ** Error: ../../../src/top/top_led_spi.sv(5): Cannot open `include file "src/protocol/framings/framing_pkg.sv".
# ** Error: ../../../src/top/top_led_spi.sv(6): Cannot open `include file "src/protocol/cmd/led_cmd_pkg.sv".
# -- Compiling module top_led_spi
# ** Error: ../../../src/top/top_led_spi.sv(13): (vlog-13006) Could not find the package (led_cmd_pkg).  Design read will continue, but expect a cascade of errors after this failure.  Furthermore if you experience a vopt-7 error immediately before this error then please check the package names or the library search paths on the command line.
# End time: 17:13:02 on Aug 23,2025, Elapsed time: 0:00:00
# Errors: 5, Warnings: 0
# ** Error: C:/intelFPGA/20.1/modelsim_ase/win32aloem/vlog failed.
# Error in macro ./top_led_spi.do line 29
# C:/intelFPGA/20.1/modelsim_ase/win32aloem/vlog failed.
#     while executing
# "vlog -sv ../../../src/top/top_led_spi.sv"
ls
# logs          spi_slave.do    transcript        work    
# modelsim.ini  top_led_spi.do  utils_logging.do          
do spi_slave.do
# C:/Users/Valdir/Documents/Develop/fpga/tangPrime20k/spi_led_control/tb/modelsim/scripts
# reading modelsim.ini
# ** Error: Cannot open macro file: C:/Users/Valdir/Documents/Develop/fpga/tangPrime20k/spi_led_control/tb/modelsim/scripts/lib/utils_logging.do
# Error in macro ./spi_slave.do line 6
# Cannot open macro file: C:/Users/Valdir/Documents/Develop/fpga/tangPrime20k/spi_led_control/tb/modelsim/scripts/lib/utils_logging.do
#     while executing
# "do [file join $HERE lib utils_logging.do]"
clear
# invalid command name "clear"
do spi_slave.do
# C:/Users/Valdir/Documents/Develop/fpga/tangPrime20k/spi_led_control/tb/modelsim/scripts
# reading modelsim.ini
# ** Error: Cannot open macro file: C:/Users/Valdir/Documents/Develop/fpga/tangPrime20k/spi_led_control/tb/modelsim/scripts/utils/utils_logging.do
# Error in macro ./spi_slave.do line 6
# Cannot open macro file: C:/Users/Valdir/Documents/Develop/fpga/tangPrime20k/spi_led_control/tb/modelsim/scripts/utils/utils_logging.do
#     while executing
# "do [file join $HERE utils utils_logging.do]"
do spi_slave.do
# C:/Users/Valdir/Documents/Develop/fpga/tangPrime20k/spi_led_control/tb/modelsim/scripts
# reading modelsim.ini
# tb_spi_slave
