Reading netlist file: "C:\Users\Valdir\Documents\Develop\fpga\tangPrime20k\spi_led_control\impl\gwsynthesis\spi_led_control.vg"
Parsing netlist file "C:\Users\Valdir\Documents\Develop\fpga\tangPrime20k\spi_led_control\impl\gwsynthesis\spi_led_control.vg" completed
Processing netlist completed
Reading constraint file: "C:\Users\Valdir\Documents\Develop\fpga\tangPrime20k\spi_led_control\src\spi_led_control.cst"
Physical Constraint parsed completed
Running placement......
[10%] Placement Phase 0 completed
[20%] Placement Phase 1 completed
[30%] Placement Phase 2 completed
WARN  (TA1132) :  'clk' was determined to be a clock but was not created.
[50%] Placement Phase 3 completed
Running routing......
[60%] Routing Phase 0 completed
[70%] Routing Phase 1 completed
[80%] Routing Phase 2 completed
[90%] Routing Phase 3 completed
Running timing analysis......
[95%] Timing analysis completed
Placement and routing completed
Bitstream generation in progress......
Bitstream generation completed
Running power analysis......
[100%] Power analysis completed
Generate file "C:\Users\Valdir\Documents\Develop\fpga\tangPrime20k\spi_led_control\impl\pnr\spi_led_control.power.html" completed
Generate file "C:\Users\Valdir\Documents\Develop\fpga\tangPrime20k\spi_led_control\impl\pnr\spi_led_control.pin.html" completed
Generate file "C:\Users\Valdir\Documents\Develop\fpga\tangPrime20k\spi_led_control\impl\pnr\spi_led_control.rpt.html" completed
Generate file "C:\Users\Valdir\Documents\Develop\fpga\tangPrime20k\spi_led_control\impl\pnr\spi_led_control.rpt.txt" completed
Generate file "C:\Users\Valdir\Documents\Develop\fpga\tangPrime20k\spi_led_control\impl\pnr\spi_led_control.tr.html" completed
Sat Aug 23 17:25:41 2025

